C51 COMPILER V7.50   FINALCASE                                                             06/13/2014 14:57:58 PAGE 1   


C51 COMPILER V7.50, COMPILATION OF MODULE FINALCASE
OBJECT MODULE PLACED IN FinalCase.OBJ
COMPILER INVOKED BY: C:\Keil\C51\BIN\C51.EXE FinalCase.c BROWSE DEBUG OBJECTEXTEND

line level    source

   1          #include <REG51.H>
   2          #include "count.h"
   3          #include "keypad.h"
   4          #include "key.h"
   5          #include "lcd.h"
   6          #include "lcd_show.h"
   7          #include "delay100us.h"
*** WARNING C235 IN LINE 1 OF DELAY100US.H: parameter 1: different types
   8          #include "stdio.h"
   9          #include "stdlib.h"
  10          //#include "time.h"
  11          
  12          unsigned char ii=0; //ten
  13          unsigned char jj=0; //one
  14          unsigned char innum=0;
  15          int aa=0;
  16          int bb=100;
  17          int a;
  18          
  19          int input(void)
  20          {
  21   1          ii = gotkeys();
  22   1          if(ii==0) ii=1;
  23   1          else if(ii==1) ii=2;
  24   1          else if(ii==2) ii=3;
  25   1          else if(ii==4) ii=4;
  26   1          else if(ii==5) ii=5;
  27   1          else if(ii==6) ii=6;
  28   1          else if(ii==8) ii=7;
  29   1          else if(ii==9) ii=8;
  30   1          else if(ii==10) ii=9;
  31   1          else if(ii==13) ii=0;
  32   1          else ii=0;
  33   1      
  34   1          gotoxy(2,10);
  35   1          display_LCD_number(ii);
  36   1      
  37   1          jj = gotkeys();
  38   1          if(jj==0) jj=1;
  39   1          else if(jj==1) jj=2;
  40   1          else if(jj==2) jj=3;
  41   1          else if(jj==4) jj=4;
  42   1          else if(jj==5) jj=5;
  43   1          else if(jj==6) jj=6;
  44   1          else if(jj==8) jj=7;
  45   1          else if(jj==9) jj=8;
  46   1          else if(jj==10) jj=9;
  47   1          else if(jj==13) jj=0;
  48   1          else jj=0;
  49   1      
  50   1          gotoxy(2,11);
  51   1          display_LCD_number(10*ii+jj);
  52   1          
  53   1          return 10*ii+jj;
  54   1      }
C51 COMPILER V7.50   FINALCASE                                                             06/13/2014 14:57:58 PAGE 2   

  55          
  56          void Ultimate(int p,int b)
  57          {
  58   1              int m=aa,n=bb;
  59   1              //while(p!=b)
  60   1              //{
  61   1      
  62   1                      if(b>p)
  63   1                      {
  64   2                              if(b<=n)
  65   2                              n=b;
  66   2                              if(m==(p-1) && n==(p+1)) //成功條件 
  67   2                              {
  68   3                      aa = 0;
  69   3                      bb = 200;
  70   3                              }
  71   2                  else
  72   2                  {
  73   3                      aa = m;
  74   3                      bb = n;
  75   3                  }
  76   2                      }
  77   1                      else if(b<p)
  78   1                      {
  79   2                              if(b>=m)
  80   2                              m=b;
  81   2                              if(m==p-1 && n==p+1) //成功條件 
  82   2                              {
  83   3                      aa = 0;
  84   3                      bb = 200;
  85   3                              }
  86   2                  else
  87   2                  {
  88   3                      aa = m;
  89   3                      bb = n;
  90   3                  }
  91   2                      }
  92   1              else if(b==p)
  93   1              {
  94   2                  aa = 0;
  95   2                  bb = 404;
  96   2              }
  97   1              //}
  98   1      }
  99          
 100          void main(void)
 101          {
 102   1              init_LCD();
 103   1          clear_LCD();
 104   1              gotoxy(1,1);
 105   1          display_LCD_string("Set Key...");
 106   1              a = input();
 107   1          init_LCD();
 108   1          clear_LCD();
 109   1          gotoxy(1,1);
 110   1          display_LCD_string("Ready? Go...");
 111   1          start_key();
 112   1          pwd_show (aa,bb);
 113   1          while(1)
 114   1          {
 115   2              innum = input();
 116   2              Ultimate(a,innum);
C51 COMPILER V7.50   FINALCASE                                                             06/13/2014 14:57:58 PAGE 3   

 117   2              if(bb==200)
 118   2              {
 119   3                  pwd_success();
 120   3                  break;
 121   3              }
 122   2              else if(bb==404)
 123   2              {
 124   3                  pwd_fail();
 125   3                  break;
 126   3              }
 127   2              pwd_show (aa,bb);
 128   2      
 129   2              if(ctrl()==1)
 130   2              {
 131   3                  pwd_fail();
 132   3                  break;
 133   3              }
 134   2              pwd_show (aa,bb);
 135   2          }
 136   1          while(1)
 137   1          {
 138   2              show(10,0,0,0);
 139   2                      show(0,10,0,0);
 140   2                      show(0,0,10,0);
 141   2                      show(0,0,0,10);
 142   2                      //timer0_initialize_close();
 143   2          }
 144   1      }


MODULE INFORMATION:   STATIC OVERLAYABLE
   CODE SIZE        =    655    ----
   CONSTANT SIZE    =     24    ----
   XDATA SIZE       =   ----    ----
   PDATA SIZE       =   ----    ----
   DATA SIZE        =      9       2
   IDATA SIZE       =   ----    ----
   BIT SIZE         =   ----    ----
END OF MODULE INFORMATION.


C51 COMPILATION COMPLETE.  1 WARNING(S),  0 ERROR(S)
